  AutoComplete.cxx
  CallTip.cxx
  CaseConvert.cxx
  CaseFolder.cxx
  CellBuffer.cxx
  ChangeHistory.cxx
  CharacterCategoryMap.cxx
  CharacterType.cxx
  CharClassify.cxx
  ContractionState.cxx
  DBCS.cxx
  Decoration.cxx
  Document.cxx
  EditModel.cxx
  Editor.cxx
  EditView.cxx
  Geometry.cxx
  Indicator.cxx
  KeyMap.cxx
  LineMarker.cxx
  MarginView.cxx
  PerLine.cxx
  PositionCache.cxx
  RESearch.cxx
  RunStyles.cxx
  ScintillaBase.cxx
  Selection.cxx
  Style.cxx
  UndoHistory.cxx
  UniConversion.cxx
  UniqueString.cxx
  ViewStyle.cxx
  XPM.cxx
  HanjaDic.cxx
  PlatWin.cxx
  ListBox.cxx
  SurfaceGDI.cxx
  SurfaceD2D.cxx
  ScintillaWin.cxx
  ScintillaDLL.cxx
     ライブラリ C:\Users\1mru\Projects\ssce\x64\Debug\Scintilla.lib とオブジェクト C:\Users\1mru\Projects\ssce\x64\Debug\Scintilla.exp を作成中
  Scintilla.vcxproj -> C:\Users\1mru\Projects\ssce\x64\Debug\Scintilla.dll
